// Jest Snapshot v1, https://goo.gl/fbAQLP

exports[`Haciendo pruebas en CounterApp debe de hacer match con el snapshot 1`] = `
<div>
  <h1>
    CounterApp
  </h1>
  <h2>
    100
  </h2>
  <button>
    +1
  </button>
  <button>
    -1
  </button>
  <button>
    Reset
  </button>
</div>
`;
